forall a. arrow (eq (forall b. b) (forall b. a)) a
