forall n a b. arrow (arrow a b) (arrow (list n a) (list n b))
