forall a b. arrow (arrow a b) (arrow (list a) (list b))
