Esquema: forall a_1_. { a_1_; list a_1_ } -> list a_1_
Esquema: forall a_1_. {} -> list a_1_
forall a. a -> a
