Esquema: forall a_1_ b_1_. {} -> eq a_1_ b_1_ where a_1_ = b_1_
